[    0.000000] Linux version 5.4.0-1092-gcp (buildd@lcy02-amd64-012) (gcc version 7.5.0 (Ubuntu 7.5.0-3ubuntu1~18.04)) #101~18.04.1-Ubuntu SMP Mon Oct 17 18:29:06 UTC 2022 (Ubuntu 5.4.0-1092.101~18.04.1-gcp 5.4.210)
[    0.000000] Command line: BOOT_IMAGE=/boot/vmlinuz-5.4.0-1092-gcp root=LABEL=cloudimg-rootfs ro console=ttyS0
[    0.000000] KERNEL supported cpus:
[    0.000000]   Intel GenuineIntel
[    0.000000]   AMD AuthenticAMD
[    0.000000]   Hygon HygonGenuine
[    0.000000]   Centaur CentaurHauls
[    0.000000]   zhaoxin   Shanghai  
[    0.000000] x86/fpu: Supporting XSAVE feature 0x001: 'x87 floating point registers'
[    0.000000] x86/fpu: Supporting XSAVE feature 0x002: 'SSE registers'
[    0.000000] x86/fpu: Supporting XSAVE feature 0x004: 'AVX registers'
[    0.000000] x86/fpu: Supporting XSAVE feature 0x020: 'AVX-512 opmask'
[    0.000000] x86/fpu: Supporting XSAVE feature 0x040: 'AVX-512 Hi256'
[    0.000000] x86/fpu: Supporting XSAVE feature 0x080: 'AVX-512 ZMM_Hi256'
[    0.000000] x86/fpu: xstate_offset[2]:  576, xstate_sizes[2]:  256
[    0.000000] x86/fpu: xstate_offset[5]:  832, xstate_sizes[5]:   64
[    0.000000] x86/fpu: xstate_offset[6]:  896, xstate_sizes[6]:  512
[    0.000000] x86/fpu: xstate_offset[7]: 1408, xstate_sizes[7]: 1024
[    0.000000] x86/fpu: Enabled xstate features 0xe7, context size is 2432 bytes, using 'compacted' format.
[    0.000000] BIOS-provided physical RAM map:
[    0.000000] BIOS-e820: [mem 0x0000000000000000-0x0000000000000fff] reserved
[    0.000000] BIOS-e820: [mem 0x0000000000001000-0x0000000000054fff] usable
[    0.000000] BIOS-e820: [mem 0x0000000000055000-0x000000000005ffff] reserved
[    0.000000] BIOS-e820: [mem 0x0000000000060000-0x0000000000097fff] usable
[    0.000000] BIOS-e820: [mem 0x0000000000098000-0x000000000009ffff] reserved
[    0.000000] BIOS-e820: [mem 0x0000000000100000-0x00000000bf8eefff] usable
[    0.000000] BIOS-e820: [mem 0x00000000bf8ef000-0x00000000bfb6efff] reserved
[    0.000000] BIOS-e820: [mem 0x00000000bfb6f000-0x00000000bfb7efff] ACPI data
[    0.000000] BIOS-e820: [mem 0x00000000bfb7f000-0x00000000bfbfefff] ACPI NVS
[    0.000000] BIOS-e820: [mem 0x00000000bfbff000-0x00000000bffdffff] usable
[    0.000000] BIOS-e820: [mem 0x00000000bffe0000-0x00000000bfffffff] reserved
[    0.000000] BIOS-e820: [mem 0x0000000100000000-0x000000083fffffff] usable
[    0.000000] NX (Execute Disable) protection: active
[    0.000000] efi: EFI v2.70 by EDK II
[    0.000000] efi:  TPMFinalLog=0xbfbf7000  ACPI=0xbfb7e000  ACPI 2.0=0xbfb7e014  SMBIOS=0xbf9cc000  MEMATTR=0xbe3aa298  MOKvar=0xbe396000  TPMEventLog=0xbe38d018 
[    0.000000] secureboot: Secure boot disabled
[    0.000000] SMBIOS 2.4 present.
[    0.000000] DMI: Google Google Compute Engine/Google Compute Engine, BIOS Google 10/11/2022
[    0.000000] Hypervisor detected: KVM
[    0.000000] kvm-clock: Using msrs 4b564d01 and 4b564d00
[    0.000000] kvm-clock: cpu 0, msr 4bd601001, primary cpu clock
[    0.000000] kvm-clock: using sched offset of 11308599743 cycles
[    0.000009] clocksource: kvm-clock: mask: 0xffffffffffffffff max_cycles: 0x1cd42e4dffb, max_idle_ns: 881590591483 ns
[    0.000017] tsc: Detected 2800.268 MHz processor
[    0.000098] e820: update [mem 0x00000000-0x00000fff] usable ==> reserved
[    0.000099] e820: remove [mem 0x000a0000-0x000fffff] usable
[    0.000105] last_pfn = 0x840000 max_arch_pfn = 0x400000000
[    0.000150] MTRR default type: write-back
[    0.000151] MTRR fixed ranges enabled:
[    0.000152]   00000-9FFFF write-back
[    0.000153]   A0000-FFFFF uncachable
[    0.000154] MTRR variable ranges enabled:
[    0.000155]   0 base 0000C0000000 mask 3FFFC0000000 uncachable
[    0.000155]   1 disabled
[    0.000155]   2 disabled
[    0.000156]   3 disabled
[    0.000156]   4 disabled
[    0.000156]   5 disabled
[    0.000157]   6 disabled
[    0.000157]   7 disabled
[    0.000171] x86/PAT: Configuration [0-7]: WB  WC  UC- UC  WB  WP  UC- WT  
[    0.000185] last_pfn = 0xbffe0 max_arch_pfn = 0x400000000
[    0.011833] e820: update [mem 0xbe396000-0xbe396fff] usable ==> reserved
[    0.011879] check: Scanning 1 areas for low memory corruption
[    0.011915] Using GB pages for direct mapping
[    0.012122] secureboot: Secure boot disabled
[    0.012123] RAMDISK: [mem 0x3ab9c000-0x3d089fff]
[    0.012130] ACPI: Early table checksum verification disabled
[    0.012135] ACPI: RSDP 0x00000000BFB7E014 000024 (v02 Google)
[    0.012142] ACPI: XSDT 0x00000000BFB7D0E8 00005C (v01 Google GOOGFACP 00000001      01000013)
[    0.012148] ACPI: FACP 0x00000000BFB78000 0000F4 (v02 Google GOOGFACP 00000001 GOOG 00000001)
[    0.012153] ACPI: DSDT 0x00000000BFB79000 001A64 (v01 Google GOOGDSDT 00000001 GOOG 00000001)
[    0.012156] ACPI: FACS 0x00000000BFBF2000 000040
[    0.012159] ACPI: SSDT 0x00000000BFB7C000 000316 (v02 GOOGLE Tpm2Tabl 00001000 INTL 20211217)
[    0.012162] ACPI: TPM2 0x00000000BFB7B000 000034 (v04 GOOGLE          00000001 GOOG 00000001)
[    0.012165] ACPI: SRAT 0x00000000BFB77000 000128 (v03 Google GOOGSRAT 00000001 GOOG 00000001)
[    0.012168] ACPI: APIC 0x00000000BFB76000 0000A6 (v05 Google GOOGAPIC 00000001 GOOG 00000001)
[    0.012170] ACPI: SSDT 0x00000000BFB75000 000BC6 (v01 Google GOOGSSDT 00000001 GOOG 00000001)
[    0.012173] ACPI: WAET 0x00000000BFB74000 000028 (v01 Google GOOGWAET 00000001 GOOG 00000001)
[    0.012176] ACPI: Reserving FACP table memory at [mem 0xbfb78000-0xbfb780f3]
[    0.012177] ACPI: Reserving DSDT table memory at [mem 0xbfb79000-0xbfb7aa63]
[    0.012178] ACPI: Reserving FACS table memory at [mem 0xbfbf2000-0xbfbf203f]
[    0.012178] ACPI: Reserving SSDT table memory at [mem 0xbfb7c000-0xbfb7c315]
[    0.012179] ACPI: Reserving TPM2 table memory at [mem 0xbfb7b000-0xbfb7b033]
[    0.012180] ACPI: Reserving SRAT table memory at [mem 0xbfb77000-0xbfb77127]
[    0.012181] ACPI: Reserving APIC table memory at [mem 0xbfb76000-0xbfb760a5]
[    0.012181] ACPI: Reserving SSDT table memory at [mem 0xbfb75000-0xbfb75bc5]
[    0.012182] ACPI: Reserving WAET table memory at [mem 0xbfb74000-0xbfb74027]
[    0.012200] ACPI: Local APIC address 0xfee00000
[    0.012329] SRAT: PXM 0 -> APIC 0x00 -> Node 0
[    0.012330] SRAT: PXM 0 -> APIC 0x01 -> Node 0
[    0.012331] SRAT: PXM 0 -> APIC 0x02 -> Node 0
[    0.012332] SRAT: PXM 0 -> APIC 0x03 -> Node 0
[    0.012332] SRAT: PXM 0 -> APIC 0x04 -> Node 0
[    0.012333] SRAT: PXM 0 -> APIC 0x05 -> Node 0
[    0.012334] SRAT: PXM 0 -> APIC 0x06 -> Node 0
[    0.012334] SRAT: PXM 0 -> APIC 0x07 -> Node 0
[    0.012337] ACPI: SRAT: Node 0 PXM 0 [mem 0x00000000-0x0009ffff]
[    0.012338] ACPI: SRAT: Node 0 PXM 0 [mem 0x00100000-0xbfffffff]
[    0.012339] ACPI: SRAT: Node 0 PXM 0 [mem 0x100000000-0x83fffffff]
[    0.012341] NUMA: Node 0 [mem 0x00000000-0x0009ffff] + [mem 0x00100000-0xbfffffff] -> [mem 0x00000000-0xbfffffff]
[    0.012342] NUMA: Node 0 [mem 0x00000000-0xbfffffff] + [mem 0x100000000-0x83fffffff] -> [mem 0x00000000-0x83fffffff]
[    0.012351] NODE_DATA(0) allocated [mem 0x83ffd5000-0x83fffffff]
[    0.013394] Zone ranges:
[    0.013395]   DMA      [mem 0x0000000000001000-0x0000000000ffffff]
[    0.013397]   DMA32    [mem 0x0000000001000000-0x00000000ffffffff]
[    0.013398]   Normal   [mem 0x0000000100000000-0x000000083fffffff]
[    0.013399]   Device   empty
[    0.013399] Movable zone start for each node
[    0.013402] Early memory node ranges
[    0.013403]   node   0: [mem 0x0000000000001000-0x0000000000054fff]
[    0.013404]   node   0: [mem 0x0000000000060000-0x0000000000097fff]
[    0.013404]   node   0: [mem 0x0000000000100000-0x00000000bf8eefff]
[    0.013405]   node   0: [mem 0x00000000bfbff000-0x00000000bffdffff]
[    0.013406]   node   0: [mem 0x0000000100000000-0x000000083fffffff]
[    0.013409] Initmem setup node 0 [mem 0x0000000000001000-0x000000083fffffff]
[    0.013411] On node 0 totalpages: 8387676
[    0.013412]   DMA zone: 64 pages used for memmap
[    0.013412]   DMA zone: 3105 pages reserved
[    0.013413]   DMA zone: 3980 pages, LIFO batch:0
[    0.014008]   DMA zone: 28788 pages in unavailable ranges
[    0.014010]   DMA32 zone: 12212 pages used for memmap
[    0.014011]   DMA32 zone: 781520 pages, LIFO batch:63
[    0.027218]   DMA32 zone: 816 pages in unavailable ranges
[    0.027223]   Normal zone: 118784 pages used for memmap
[    0.027224]   Normal zone: 7602176 pages, LIFO batch:63
[    0.160732] ACPI: PM-Timer IO Port: 0xb008
[    0.160738] ACPI: Local APIC address 0xfee00000
[    0.160759] ACPI: LAPIC_NMI (acpi_id[0xff] dfl dfl lint[0x1])
[    0.160816] IOAPIC[0]: apic_id 0, version 17, address 0xfec00000, GSI 0-23
[    0.160820] ACPI: INT_SRC_OVR (bus 0 bus_irq 5 global_irq 5 high level)
[    0.160821] ACPI: INT_SRC_OVR (bus 0 bus_irq 9 global_irq 9 high level)
[    0.160822] ACPI: INT_SRC_OVR (bus 0 bus_irq 10 global_irq 10 high level)
[    0.160823] ACPI: INT_SRC_OVR (bus 0 bus_irq 11 global_irq 11 high level)
[    0.160825] ACPI: IRQ5 used by override.
[    0.160826] ACPI: IRQ9 used by override.
[    0.160826] ACPI: IRQ10 used by override.
[    0.160826] ACPI: IRQ11 used by override.
[    0.160828] Using ACPI (MADT) for SMP configuration information
[    0.160832] smpboot: Allowing 8 CPUs, 0 hotplug CPUs
[    0.160863] PM: Registered nosave memory: [mem 0x00000000-0x00000fff]
[    0.160865] PM: Registered nosave memory: [mem 0x00055000-0x0005ffff]
[    0.160866] PM: Registered nosave memory: [mem 0x00098000-0x0009ffff]
[    0.160867] PM: Registered nosave memory: [mem 0x000a0000-0x000fffff]
[    0.160868] PM: Registered nosave memory: [mem 0xbe396000-0xbe396fff]
[    0.160869] PM: Registered nosave memory: [mem 0xbf8ef000-0xbfb6efff]
[    0.160870] PM: Registered nosave memory: [mem 0xbfb6f000-0xbfb7efff]
[    0.160871] PM: Registered nosave memory: [mem 0xbfb7f000-0xbfbfefff]
[    0.160872] PM: Registered nosave memory: [mem 0xbffe0000-0xbfffffff]
[    0.160873] PM: Registered nosave memory: [mem 0xc0000000-0xffffffff]
[    0.160874] [mem 0xc0000000-0xffffffff] available for PCI devices
[    0.160877] Booting paravirtualized kernel on KVM
[    0.160883] clocksource: refined-jiffies: mask: 0xffffffff max_cycles: 0xffffffff, max_idle_ns: 7645519600211568 ns
[    0.160889] setup_percpu: NR_CPUS:8192 nr_cpumask_bits:8 nr_cpu_ids:8 nr_node_ids:1
[    0.161570] percpu: Embedded 60 pages/cpu s208896 r8192 d28672 u262144
[    0.161575] pcpu-alloc: s208896 r8192 d28672 u262144 alloc=1*2097152
[    0.161577] pcpu-alloc: [0] 0 1 2 3 4 5 6 7 
[    0.161603] PV qspinlock hash table entries: 256 (order: 0, 4096 bytes, linear)
[    0.161612] Built 1 zonelists, mobility grouping on.  Total pages: 8253511
[    0.161613] Policy zone: Normal
[    0.161614] Kernel command line: BOOT_IMAGE=/boot/vmlinuz-5.4.0-1092-gcp root=LABEL=cloudimg-rootfs ro console=ttyS0
[    0.169791] Dentry cache hash table entries: 4194304 (order: 13, 33554432 bytes, linear)
[    0.173859] Inode-cache hash table entries: 2097152 (order: 12, 16777216 bytes, linear)
[    0.174002] mem auto-init: stack:off, heap alloc:on, heap free:off
[    0.183219] Calgary: detecting Calgary via BIOS EBDA area
[    0.183221] Calgary: Unable to locate Rio Grande table in EBDA - bailing!
[    0.249216] Memory: 32796916K/33550704K available (14339K kernel code, 2393K rwdata, 9596K rodata, 2748K init, 4960K bss, 753788K reserved, 0K cma-reserved)
[    0.249893] SLUB: HWalign=64, Order=0-3, MinObjects=0, CPUs=8, Nodes=1
[    0.249916] ftrace: allocating 44987 entries in 176 pages
[    0.266201] rcu: Hierarchical RCU implementation.
[    0.266204] rcu:     RCU restricting CPUs from NR_CPUS=8192 to nr_cpu_ids=8.
[    0.266205]  Tasks RCU enabled.
[    0.266206] rcu: RCU calculated value of scheduler-enlistment delay is 25 jiffies.
[    0.266207] rcu: Adjusting geometry for rcu_fanout_leaf=16, nr_cpu_ids=8
[    0.268601] NR_IRQS: 524544, nr_irqs: 488, preallocated irqs: 16
[    0.268780] random: crng init done
[    0.268806] Console: colour dummy device 80x25
[    0.392637] printk: console [ttyS0] enabled
[    0.393264] ACPI: Core revision 20190816
[    0.393917] APIC: Switch to symmetric I/O mode setup
[    0.394993] x2apic enabled
[    0.397344] Switched APIC routing to physical x2apic.
[    0.401287] ..TIMER: vector=0x30 apic1=0 pin1=0 apic2=-1 pin2=-1
[    0.402405] clocksource: tsc-early: mask: 0xffffffffffffffff max_cycles: 0x285d3e3d499, max_idle_ns: 440795319795 ns
[    0.403836] Calibrating delay loop (skipped) preset value.. 5600.53 BogoMIPS (lpj=11201072)
[    0.404955] pid_max: default: 32768 minimum: 301
[    0.409152] LSM: Security Framework initializing
[    0.409792] Yama: becoming mindful.
[    0.410311] AppArmor: AppArmor initialized
[    0.411396] Mount-cache hash table entries: 65536 (order: 7, 524288 bytes, linear)
[    0.411884] Mountpoint-cache hash table entries: 65536 (order: 7, 524288 bytes, linear)
[    0.412977] *** VALIDATE tmpfs ***
[    0.413579] *** VALIDATE proc ***
[    0.414126] *** VALIDATE cgroup1 ***
[    0.414630] *** VALIDATE cgroup2 ***
[    0.416066] Last level iTLB entries: 4KB 64, 2MB 8, 4MB 8
[    0.416842] Last level dTLB entries: 4KB 64, 2MB 0, 4MB 0, 1GB 4
[    0.417649] Spectre V1 : Mitigation: usercopy/swapgs barriers and __user pointer sanitization
[    0.418788] Spectre V2 : Mitigation: Enhanced IBRS
[    0.419547] Spectre V2 : Spectre v2 / SpectreRSB mitigation: Filling RSB on context switch
[    0.419833] Spectre V2 : Spectre v2 / PBRSB-eIBRS: Retire a single CALL on VMEXIT
[    0.420837] Spectre V2 : mitigation: Enabling conditional Indirect Branch Prediction Barrier
[    0.421984] Speculative Store Bypass: Mitigation: Speculative Store Bypass disabled via prctl and seccomp
[    0.423841] MDS: Mitigation: Clear CPU buffers
[    0.424444] TAA: Mitigation: Clear CPU buffers
[    0.425044] MMIO Stale Data: Vulnerable: Clear CPU buffers attempted, no microcode
[    0.426286] Freeing SMP alternatives memory: 40K
[    0.537114] smpboot: CPU0: Intel(R) Xeon(R) CPU @ 2.80GHz (family: 0x6, model: 0x55, stepping: 0x7)
[    0.538486] Performance Events: unsupported p6 CPU model 85 no PMU driver, software events only.
[    0.539701] rcu: Hierarchical SRCU implementation.
[    0.539921] NMI watchdog: Perf NMI watchdog permanently disabled
[    0.540850] smp: Bringing up secondary CPUs ...
[    0.541586] x86: Booting SMP configuration:
[    0.542164] .... node  #0, CPUs:      #1
[    0.131060] kvm-clock: cpu 1, msr 4bd601041, secondary cpu clock
[    0.543864]  #2
[    0.131060] kvm-clock: cpu 2, msr 4bd601081, secondary cpu clock
[    0.545384]  #3
[    0.131060] kvm-clock: cpu 3, msr 4bd6010c1, secondary cpu clock
[    0.545396]  #4
[    0.131060] kvm-clock: cpu 4, msr 4bd601101, secondary cpu clock
[    0.548611] MDS CPU bug present and SMT on, data leak possible. See https://www.kernel.org/doc/html/latest/admin-guide/hw-vuln/mds.html for more details.
[    0.550430] TAA CPU bug present and SMT on, data leak possible. See https://www.kernel.org/doc/html/latest/admin-guide/hw-vuln/tsx_async_abort.html for more details.
[    0.551834] MMIO Stale Data CPU bug present and SMT on, data leak possible. See https://www.kernel.org/doc/html/latest/admin-guide/hw-vuln/processor_mmio_stale_data.html for more details.
[    0.554222]  #5
[    0.131060] kvm-clock: cpu 5, msr 4bd601141, secondary cpu clock
[    0.556500]  #6
[    0.131060] kvm-clock: cpu 6, msr 4bd601181, secondary cpu clock
[    0.557447]  #7
[    0.131060] kvm-clock: cpu 7, msr 4bd6011c1, secondary cpu clock
[    0.559896] smp: Brought up 1 node, 8 CPUs
[    0.561277] smpboot: Max logical packages: 1
[    0.561892] smpboot: Total of 8 processors activated (44804.28 BogoMIPS)
[    0.564313] devtmpfs: initialized
[    0.564393] x86/mm: Memory block size: 128MB
[    0.569427] PM: Registering ACPI NVS region [mem 0xbfb7f000-0xbfbfefff] (524288 bytes)
[    0.569427] clocksource: jiffies: mask: 0xffffffff max_cycles: 0xffffffff, max_idle_ns: 7645041785100000 ns
[    0.571860] futex hash table entries: 2048 (order: 5, 131072 bytes, linear)
[    0.572844] pinctrl core: initialized pinctrl subsystem
[    0.573669] PM: RTC time: 22:39:03, date: 2022-11-07
[    0.574600] NET: Registered protocol family 16
[    0.575333] audit: initializing netlink subsys (disabled)
[    0.575853] audit: type=2000 audit(1667860742.987:1): state=initialized audit_enabled=0 res=1
[    0.575945] EISA bus registered
[    0.577465] cpuidle: using governor ladder
[    0.578038] cpuidle: using governor menu
[    0.578647] ACPI: bus type PCI registered
[    0.579835] acpiphp: ACPI Hot Plug PCI Controller Driver version: 0.5
[    0.580822] PCI: Using configuration type 1 for base access
[    0.585082] HugeTLB registered 1.00 GiB page size, pre-allocated 0 pages
[    0.585082] HugeTLB registered 2.00 MiB page size, pre-allocated 0 pages
[    0.587912] ACPI: Added _OSI(Module Device)
[    0.588513] ACPI: Added _OSI(Processor Device)
[    0.589153] ACPI: Added _OSI(3.0 _SCP Extensions)
[    0.589788] ACPI: Added _OSI(Processor Aggregator Device)
[    0.591835] ACPI: Added _OSI(Linux-Dell-Video)
[    0.592437] ACPI: Added _OSI(Linux-Lenovo-NV-HDMI-Audio)
[    0.593173] ACPI: Added _OSI(Linux-HPI-Hybrid-Graphics)
[    0.595834] ACPI: 3 ACPI AML tables successfully acquired and loaded
[    0.597963] ACPI: Interpreter enabled
[    0.598534] ACPI: (supports S0 S3 S4 S5)
[    0.599115] ACPI: Using IOAPIC for interrupt routing
[    0.599814] PCI: Using host bridge windows from ACPI; if necessary, use "pci=nocrs" and report a bug
[    0.600018] ACPI: Enabled 16 GPEs in block 00 to 0F
[    0.605210] ACPI: PCI Root Bridge [PCI0] (domain 0000 [bus 00-ff])
[    0.606123] acpi PNP0A03:00: _OSC: OS supports [ASPM ClockPM Segments MSI HPX-Type3]
[    0.607259] acpi PNP0A03:00: fail to add MMCONFIG information, can't access extended PCI configuration space under this bridge.
[    0.608484] PCI host bridge to bus 0000:00
[    0.609057] pci_bus 0000:00: root bus resource [io  0x0000-0x0cf7 window]
[    0.610017] pci_bus 0000:00: root bus resource [io  0x0d00-0xffff window]
[    0.611835] pci_bus 0000:00: root bus resource [mem 0x000a0000-0x000bffff window]
[    0.612837] pci_bus 0000:00: root bus resource [mem 0xc0000000-0xfebfefff window]
[    0.613839] pci_bus 0000:00: root bus resource [bus 00-ff]
[    0.614633] pci 0000:00:00.0: [8086:1237] type 00 class 0x060000
[    0.617687] pci 0000:00:01.0: [8086:7110] type 00 class 0x060100
[    0.636097] pci 0000:00:01.3: [8086:7113] type 00 class 0x068000
[    0.652969] pci 0000:00:01.3: quirk: [io  0xb000-0xb03f] claimed by PIIX4 ACPI
[    0.654799] pci 0000:00:03.0: [1af4:1004] type 00 class 0x000000
[    0.662591] pci 0000:00:03.0: reg 0x10: [io  0xc040-0xc07f]
[    0.667840] pci 0000:00:03.0: reg 0x14: [mem 0xc0001000-0xc000107f]
[    0.683922] pci 0000:00:04.0: [1af4:1000] type 00 class 0x020000
[    0.691842] pci 0000:00:04.0: reg 0x10: [io  0xc000-0xc03f]
[    0.697335] pci 0000:00:04.0: reg 0x14: [mem 0xc0000000-0xc00001ff]
[    0.714899] pci 0000:00:05.0: [1af4:1005] type 00 class 0x00ff00
[    0.722082] pci 0000:00:05.0: reg 0x10: [io  0xc080-0xc09f]
[    0.726889] pci 0000:00:05.0: reg 0x14: [mem 0xc0002000-0xc000203f]
[    0.749061] ACPI: PCI Interrupt Link [LNKA] (IRQs 5 *10 11)
[    0.751191] ACPI: PCI Interrupt Link [LNKB] (IRQs 5 *10 11)
[    0.754549] ACPI: PCI Interrupt Link [LNKC] (IRQs 5 10 *11)
[    0.755921] ACPI: PCI Interrupt Link [LNKD] (IRQs 5 10 *11)
[    0.758061] ACPI: PCI Interrupt Link [LNKS] (IRQs *9)
[    0.760644] iommu: Default domain type: Translated 
[    0.760741] SCSI subsystem initialized
[    0.761399] libata version 3.00 loaded.
[    0.761399] vgaarb: loaded
[    0.761399] ACPI: bus type USB registered
[    0.761399] usbcore: registered new interface driver usbfs
[    0.763846] usbcore: registered new interface driver hub
[    0.764625] usbcore: registered new device driver usb
[    0.765372] pps_core: LinuxPPS API ver. 1 registered
[    0.766039] pps_core: Software ver. 5.3.6 - Copyright 2005-2007 Rodolfo Giometti <giometti@linux.it>
[    0.767282] PTP clock support registered
[    0.767857] EDAC MC: Ver: 3.0.0
[    0.768396] Registered efivars operations
[    0.768598] PCI: Using ACPI for IRQ routing
[    0.768598] PCI: pci_cache_line_size set to 64 bytes
[    0.768603] e820: reserve RAM buffer [mem 0x00055000-0x0005ffff]
[    0.768605] e820: reserve RAM buffer [mem 0x00098000-0x0009ffff]
[    0.768605] e820: reserve RAM buffer [mem 0xbe396000-0xbfffffff]
[    0.768606] e820: reserve RAM buffer [mem 0xbf8ef000-0xbfffffff]
[    0.768607] e820: reserve RAM buffer [mem 0xbffe0000-0xbfffffff]
[    0.768731] NetLabel: Initializing
[    0.769217] NetLabel:  domain hash size = 128
[    0.769823] NetLabel:  protocols = UNLABELED CIPSOv4 CALIPSO
[    0.770634] NetLabel:  unlabeled traffic allowed by default
[    0.771961] clocksource: Switched to clocksource kvm-clock
[    0.784342] *** VALIDATE bpf ***
[    0.784885] VFS: Disk quotas dquot_6.6.0
[    0.785434] VFS: Dquot-cache hash table entries: 512 (order 0, 4096 bytes)
[    0.786393] *** VALIDATE ramfs ***
[    0.786880] *** VALIDATE hugetlbfs ***
[    0.787473] AppArmor: AppArmor Filesystem Enabled
[    0.788190] pnp: PnP ACPI init
[    0.788770] pnp 00:00: Plug and Play ACPI device, IDs PNP0b00 (active)
[    0.788835] pnp 00:01: Plug and Play ACPI device, IDs PNP0303 (active)
[    0.788874] pnp 00:02: Plug and Play ACPI device, IDs PNP0f13 (active)
[    0.788920] pnp 00:03: Plug and Play ACPI device, IDs PNP0501 (active)
[    0.788957] pnp 00:04: Plug and Play ACPI device, IDs PNP0501 (active)
[    0.788993] pnp 00:05: Plug and Play ACPI device, IDs PNP0501 (active)
[    0.789030] pnp 00:06: Plug and Play ACPI device, IDs PNP0501 (active)
[    0.789223] pnp: PnP ACPI: found 7 devices
[    0.791526] thermal_sys: Registered thermal governor 'fair_share'
[    0.791527] thermal_sys: Registered thermal governor 'bang_bang'
[    0.792395] thermal_sys: Registered thermal governor 'step_wise'
[    0.793223] thermal_sys: Registered thermal governor 'user_space'
[    0.794025] thermal_sys: Registered thermal governor 'power_allocator'
[    0.799374] clocksource: acpi_pm: mask: 0xffffff max_cycles: 0xffffff, max_idle_ns: 2085701024 ns
[    0.801536] pci_bus 0000:00: resource 4 [io  0x0000-0x0cf7 window]
[    0.802377] pci_bus 0000:00: resource 5 [io  0x0d00-0xffff window]
[    0.803201] pci_bus 0000:00: resource 6 [mem 0x000a0000-0x000bffff window]
[    0.804132] pci_bus 0000:00: resource 7 [mem 0xc0000000-0xfebfefff window]
[    0.805115] NET: Registered protocol family 2
[    0.806326] IP idents hash table entries: 262144 (order: 9, 2097152 bytes, linear)
[    0.809424] tcp_listen_portaddr_hash hash table entries: 16384 (order: 6, 262144 bytes, linear)
[    0.811735] TCP established hash table entries: 262144 (order: 9, 2097152 bytes, linear)
[    0.813250] TCP bind hash table entries: 65536 (order: 8, 1048576 bytes, linear)
[    0.814323] TCP: Hash tables configured (established 262144 bind 65536)
[    0.815849] UDP hash table entries: 16384 (order: 7, 524288 bytes, linear)
[    0.816896] UDP-Lite hash table entries: 16384 (order: 7, 524288 bytes, linear)
[    0.817995] NET: Registered protocol family 1
[    0.818671] NET: Registered protocol family 44
[    0.819319] pci 0000:00:00.0: Limiting direct PCI/PCI transfers
[    0.820167] PCI: CLS 0 bytes, default 64
[    0.820800] Trying to unpack rootfs image as initramfs...
[    1.331335] Freeing initrd memory: 37816K
[    1.331969] PCI-DMA: Using software bounce buffering for IO (SWIOTLB)
[    1.332826] software IO TLB: mapped [mem 0xb7ff7000-0xbbff7000] (64MB)
[    1.333797] clocksource: tsc: mask: 0xffffffffffffffff max_cycles: 0x285d3e3d499, max_idle_ns: 440795319795 ns
[    1.335192] clocksource: Switched to clocksource tsc
[    1.335915] check: Scanning for low memory corruption every 60 seconds
[    1.337243] Initialise system trusted keyrings
[    1.337857] Key type blacklist registered
[    1.338505] workingset: timestamp_bits=36 max_order=23 bucket_order=0
[    1.340357] zbud: loaded
[    1.340984] squashfs: version 4.0 (2009/01/31) Phillip Lougher
[    1.342054] fuse: init (API version 7.31)
[    1.342623] *** VALIDATE fuse ***
[    1.343081] *** VALIDATE fuse ***
[    1.343631] Platform Keyring initialized
[    1.346622] Key type asymmetric registered
[    1.347200] Asymmetric key parser 'x509' registered
[    1.347872] Block layer SCSI generic (bsg) driver version 0.4 loaded (major 244)
[    1.348988] io scheduler mq-deadline registered
[    1.349963] shpchp: Standard Hot Plug PCI Controller Driver version: 0.4
[    1.350931] intel_idle: Please enable MWAIT in BIOS SETUP
[    1.351007] input: Power Button as /devices/LNXSYSTM:00/LNXPWRBN:00/input/input0
[    1.352030] ACPI: Power Button [PWRF]
[    1.352575] input: Sleep Button as /devices/LNXSYSTM:00/LNXSLPBN:00/input/input1
[    1.353728] ACPI: Sleep Button [SLPF]
[    1.356455] PCI Interrupt Link [LNKC] enabled at IRQ 11
[    1.357322] virtio-pci 0000:00:03.0: virtio_pci: leaving for legacy driver
[    1.362437] PCI Interrupt Link [LNKD] enabled at IRQ 10
[    1.363245] virtio-pci 0000:00:04.0: virtio_pci: leaving for legacy driver
[    1.368099] PCI Interrupt Link [LNKA] enabled at IRQ 10
[    1.368932] virtio-pci 0000:00:05.0: virtio_pci: leaving for legacy driver
[    1.372153] Serial: 8250/16550 driver, 32 ports, IRQ sharing enabled
[    1.394116] 00:03: ttyS0 at I/O 0x3f8 (irq = 4, base_baud = 115200) is a 16550A
[    1.415927] 00:04: ttyS1 at I/O 0x2f8 (irq = 3, base_baud = 115200) is a 16550A
[    1.437741] 00:05: ttyS2 at I/O 0x3e8 (irq = 6, base_baud = 115200) is a 16550A
[    1.459696] 00:06: ttyS3 at I/O 0x2e8 (irq = 7, base_baud = 115200) is a 16550A
[    1.461810] Linux agpgart interface v0.103
[    1.463829] tpm_tis MSFT0101:00: 2.0 TPM (device-id 0x9009, rev-id 0)
[    1.603876] loop: module loaded
[    1.612194] scsi host0: Virtio SCSI HBA
[    1.617242] scsi 0:0:1:0: Direct-Access     Google   PersistentDisk   1    PQ: 0 ANSI: 6
[    1.617408] tun: Universal TUN/TAP device driver, 1.6
[    1.618699] PPP generic driver version 2.4.2
[    1.619280] VFIO - User Level meta-driver version: 0.3
[    1.619916] ehci_hcd: USB 2.0 'Enhanced' Host Controller (EHCI) Driver
[    1.620654] ehci-pci: EHCI PCI platform driver
[    1.621164] ehci-platform: EHCI generic platform driver
[    1.621786] ohci_hcd: USB 1.1 'Open' Host Controller (OHCI) Driver
[    1.622474] ohci-pci: OHCI PCI platform driver
[    1.623017] ohci-platform: OHCI generic platform driver
[    1.623570] uhci_hcd: USB Universal Host Controller Interface driver
[    1.624674] i8042: PNP: PS/2 Controller [PNP0303:KBD,PNP0f13:MOU] at 0x60,0x64 irq 1,12
[    1.625919] i8042: Warning: Keylock active
[    1.628168] serio: i8042 KBD port at 0x60,0x64 irq 1
[    1.628732] serio: i8042 AUX port at 0x60,0x64 irq 12
[    1.629453] mousedev: PS/2 mouse device common for all mice
[    1.630302] rtc_cmos 00:00: RTC can wake from S4
[    1.630859] scsi 0:0:1:0: Attached scsi generic sg0 type 0
[    1.631628] rtc_cmos 00:00: registered as rtc0
[    1.632022] sd 0:0:1:0: [sda] 209715200 512-byte logical blocks: (107 GB/100 GiB)
[    1.632312] rtc_cmos 00:00: alarms up to one day, 114 bytes nvram
[    1.633055] sd 0:0:1:0: [sda] 4096-byte physical blocks
[    1.633652] i2c /dev entries driver
[    1.634183] sd 0:0:1:0: [sda] Write Protect is off
[    1.634545] device-mapper: uevent: version 1.0.3
[    1.634987] sd 0:0:1:0: [sda] Mode Sense: 1f 00 00 08
[    1.635495] sd 0:0:1:0: [sda] Write cache: enabled, read cache: enabled, doesn't support DPO or FUA
[    1.635503] device-mapper: ioctl: 4.41.0-ioctl (2019-09-16) initialised: dm-devel@redhat.com
[    1.637260] platform eisa.0: Probing EISA bus 0
[    1.637774] platform eisa.0: EISA: Cannot allocate resource for mainboard
[    1.638420] platform eisa.0: Cannot allocate resource for EISA slot 1
[    1.639039] platform eisa.0: Cannot allocate resource for EISA slot 2
[    1.639733] platform eisa.0: Cannot allocate resource for EISA slot 3
[    1.640227] GPT:Primary header thinks Alt. header is not at the end of the disk.
[    1.640387] platform eisa.0: Cannot allocate resource for EISA slot 4
[    1.641166] GPT:4612095 != 209715199
[    1.641789] platform eisa.0: Cannot allocate resource for EISA slot 5
[    1.642152] GPT:Alternate GPT header not at the end of the disk.
[    1.642758] platform eisa.0: Cannot allocate resource for EISA slot 6
[    1.643349] GPT:4612095 != 209715199
[    1.644018] platform eisa.0: Cannot allocate resource for EISA slot 7
[    1.644378] GPT: Use GNU Parted to correct GPT errors.
[    1.645008] platform eisa.0: Cannot allocate resource for EISA slot 8
[    1.645503]  sda: sda1 sda14 sda15
[    1.646105] platform eisa.0: EISA: Detected 0 cards
[    1.646907] intel_pstate: CPU model not supported
[    1.647558] ledtrig-cpu: registered to indicate activity on CPUs
[    1.648140] EFI Variables Facility v0.08 2004-May-17
[    1.653279] drop_monitor: Initializing network drop monitor service
[    1.654640] NET: Registered protocol family 10
[    1.658623] Segment Routing with IPv6
[    1.659145] NET: Registered protocol family 17
[    1.659651] Key type dns_resolver registered
[    1.660912] RAS: Correctable Errors collector initialized.
[    1.661454] IPI shorthand broadcast: enabled
[    1.661971] sched_clock: Marking stable (1533806627, 127060002)->(1662836140, -1969511)
[    1.662882] registered taskstats version 1
[    1.663308] Loading compiled-in X.509 certificates
[    1.664375] Loaded X.509 cert 'Build time autogenerated kernel key: ea100a5e6a4f1b5b5f64d1b3d2c51c2a10b81145'
[    1.665804] Loaded X.509 cert 'Canonical Ltd. Live Patch Signing: 14df34d1a87cf37625abec039ef2bf521249b969'
[    1.667214] Loaded X.509 cert 'Canonical Ltd. Kernel Module Signing: 88f752e560a1e0737e31163a466ad7b70a850c19'
[    1.668278] blacklist: Loading compiled-in revocation X.509 certificates
[    1.668925] Loaded X.509 cert 'Canonical Ltd. Secure Boot Signing: 61482aa2830d0ab2ad5af10b7250da9033ddcef0'
[    1.669905] zswap: loaded using pool lzo/zbud
[    1.670463] Key type ._fscrypt registered
[    1.670878] Key type .fscrypt registered
[    1.674565] Key type big_key registered
[    1.675013] Key type trusted registered
[    1.676310] sd 0:0:1:0: [sda] Attached SCSI disk
[    1.676781] Key type encrypted registered
[    1.677320] AppArmor: AppArmor sha1 policy hashing enabled
[    1.678170] integrity: Loading X.509 certificate: UEFI:db
[    1.678726] integrity: Loaded X.509 cert 'Microsoft Corporation UEFI CA 2011: 13adbf4309bd82709c8cd54f316ed522988a1bd4'
[    1.679747] integrity: Loading X.509 certificate: UEFI:db
[    1.680342] integrity: Loaded X.509 cert 'Microsoft Windows Production PCA 2011: a92902398e16c49778cd90f99e4f9ae17c55af53'
[    1.681875] integrity: Loading X.509 certificate: UEFI:MokListRT (MOKvar table)
[    1.682926] integrity: Loaded X.509 cert 'Canonical Ltd. Master Certificate Authority: ad91990bc22ab1f517048c23b6655a268e345a63'
[    1.684070] ima: Allocated hash algorithm: sha1
[    1.713899] ima: No architecture policies found
[    1.714380] evm: Initialising EVM extended attributes:
[    1.714869] evm: security.selinux
[    1.715208] evm: security.SMACK64
[    1.715533] evm: security.SMACK64EXEC
[    1.715898] evm: security.SMACK64TRANSMUTE
[    1.716307] evm: security.SMACK64MMAP
[    1.716662] evm: security.apparmor
[    1.717046] evm: security.ima
[    1.717353] evm: security.capability
[    1.717708] evm: HMAC attrs: 0x1
[    1.718358] PM:   Magic number: 14:25:704
[    1.718875]  cpu: hash matches
[    1.719326] rtc_cmos 00:00: setting system clock to 2022-11-07T22:39:04 UTC (1667860744)
[    1.722289] Freeing unused decrypted memory: 2040K
[    1.723804] Freeing unused kernel image memory: 2748K
[    1.739865] Write protecting the kernel read-only data: 26624k
[    1.741535] Freeing unused kernel image memory: 2036K
[    1.742439] Freeing unused kernel image memory: 644K
[    1.749821] x86/mm: Checked W+X mappings: passed, no W+X pages found.
[    1.750796] Run /init as init process
[    1.809507] piix4_smbus 0000:00:01.3: SMBus base address uninitialized - upgrade BIOS or use force_addr=0xaddr
[    1.828531] cryptd: max_cpu_qlen set to 1000
[    1.836331] input: AT Translated Set 2 keyboard as /devices/platform/i8042/serio0/input/input2
[    1.872077] AVX2 version of gcm_enc/dec engaged.
[    1.883566] AES CTR mode by8 optimization enabled
[    1.900165] virtio_net virtio1 ens4: renamed from eth0
[    2.705090] input: ImExPS/2 Generic Explorer Mouse as /devices/platform/i8042/serio1/input/input4
[    3.095845] raid6: avx512x4 gen() 33417 MB/s
[    3.143861] raid6: avx512x4 xor() 20946 MB/s
[    3.191848] raid6: avx512x2 gen() 31477 MB/s
[    3.239845] raid6: avx512x2 xor() 19628 MB/s
[    3.287843] raid6: avx512x1 gen() 27397 MB/s
[    3.335846] raid6: avx512x1 xor() 15607 MB/s
[    3.383845] raid6: avx2x4   gen() 25926 MB/s
[    3.431844] raid6: avx2x4   xor() 17418 MB/s
[    3.479844] raid6: avx2x2   gen() 24931 MB/s
[    3.527846] raid6: avx2x2   xor() 15829 MB/s
[    3.575853] raid6: avx2x1   gen() 18631 MB/s
[    3.623851] raid6: avx2x1   xor() 14386 MB/s
[    3.671850] raid6: sse2x4   gen() 10186 MB/s
[    3.719849] raid6: sse2x4   xor()  6442 MB/s
[    3.767846] raid6: sse2x2   gen()  9577 MB/s
[    3.815846] raid6: sse2x2   xor()  6047 MB/s
[    3.863847] raid6: sse2x1   gen()  8548 MB/s
[    3.911843] raid6: sse2x1   xor()  4877 MB/s
[    3.912469] raid6: using algorithm avx512x4 gen() 33417 MB/s
[    3.913228] raid6: .... xor() 20946 MB/s, rmw enabled
[    3.913924] raid6: using avx512x2 recovery algorithm
[    3.915757] xor: automatically using best checksumming function   avx       
[    3.917678] async_tx: api initialized (async)
[    3.957461] Btrfs loaded, crc32c=crc32c-intel
[    4.014087] EXT4-fs (sda1): mounted filesystem with ordered data mode. Opts: (null)
[    4.320520] systemd[1]: systemd 237 running in system mode. (+PAM +AUDIT +SELINUX +IMA +APPARMOR +SMACK +SYSVINIT +UTMP +LIBCRYPTSETUP +GCRYPT +GNUTLS +ACL +XZ +LZ4 +SECCOMP +BLKID +ELFUTILS +KMOD -IDN2 +IDN -PCRE2 default-hierarchy=hybrid)
[    4.342039] systemd[1]: Detected virtualization kvm.
[    4.347116] systemd[1]: Detected architecture x86-64.
[    4.384529] systemd[1]: Set hostname to <ubuntu>.
[    4.391770] systemd[1]: Initializing machine ID from KVM UUID.
[    4.397772] systemd[1]: Installed transient /etc/machine-id file.
[    4.576062] systemd[1]: Started Forward Password Requests to Wall Directory Watch.
[    4.600461] systemd[1]: Created slice User and Session Slice.
[    4.619965] systemd[1]: Reached target Swap.
[    4.635935] systemd[1]: Reached target User and Group Name Lookups.
[    4.889347] Loading iSCSI transport class v2.0-870.
[    4.899742] iscsi: registered transport (tcp)
[    4.927160] iscsi: registered transport (iser)
[    5.015195] EXT4-fs (sda1): re-mounted. Opts: (null)
[    5.532296] systemd-journald[489]: Received request to flush runtime journal from PID 1
[    5.669777] RAPL PMU: API unit is 2^-32 Joules, 0 fixed counters, 10737418240 ms ovfl timer
[    6.175709] audit: type=1400 audit(1667860748.952:2): apparmor="STATUS" operation="profile_load" profile="unconfined" name="/usr/bin/lxc-start" pid=655 comm="apparmor_parser"
[    6.254026] audit: type=1400 audit(1667860749.032:3): apparmor="STATUS" operation="profile_load" profile="unconfined" name="/usr/bin/man" pid=658 comm="apparmor_parser"
[    6.254608] audit: type=1400 audit(1667860749.032:4): apparmor="STATUS" operation="profile_load" profile="unconfined" name="man_filter" pid=658 comm="apparmor_parser"
[    6.255225] audit: type=1400 audit(1667860749.032:5): apparmor="STATUS" operation="profile_load" profile="unconfined" name="man_groff" pid=658 comm="apparmor_parser"
[    6.261678] audit: type=1400 audit(1667860749.040:6): apparmor="STATUS" operation="profile_load" profile="unconfined" name="/usr/sbin/chronyd" pid=661 comm="apparmor_parser"
[    6.274477] audit: type=1400 audit(1667860749.052:7): apparmor="STATUS" operation="profile_load" profile="unconfined" name="/usr/sbin/tcpdump" pid=659 comm="apparmor_parser"
[    6.284887] audit: type=1400 audit(1667860749.064:8): apparmor="STATUS" operation="profile_load" profile="unconfined" name="/sbin/dhclient" pid=657 comm="apparmor_parser"
[    6.285308] audit: type=1400 audit(1667860749.064:9): apparmor="STATUS" operation="profile_load" profile="unconfined" name="/usr/lib/NetworkManager/nm-dhcp-client.action" pid=657 comm="apparmor_parser"
[    6.285675] audit: type=1400 audit(1667860749.064:10): apparmor="STATUS" operation="profile_load" profile="unconfined" name="/usr/lib/NetworkManager/nm-dhcp-helper" pid=657 comm="apparmor_parser"
[    6.286033] audit: type=1400 audit(1667860749.064:11): apparmor="STATUS" operation="profile_load" profile="unconfined" name="/usr/lib/connman/scripts/dhclient-script" pid=657 comm="apparmor_parser"
[    9.847117] EXT4-fs (sda1): resizing filesystem from 548091 to 26185979 blocks
[   10.003031] EXT4-fs (sda1): resized filesystem to 26185979
[   11.433022] bpfilter: Loaded bpfilter_umh pid 989
[   11.433262] Started bpfilter
[   11.589307] new mount options do not match the existing superblock, will be ignored
[   22.484730] kauditd_printk_skb: 6 callbacks suppressed
[   22.484731] audit: type=1400 audit(1667860765.171:18): apparmor="STATUS" operation="profile_load" profile="unconfined" name="/snap/snapd/17029/usr/lib/snapd/snap-confine" pid=2244 comm="apparmor_parser"
[   22.484959] audit: type=1400 audit(1667860765.171:19): apparmor="STATUS" operation="profile_load" profile="unconfined" name="/snap/snapd/17029/usr/lib/snapd/snap-confine//mount-namespace-capture-helper" pid=2244 comm="apparmor_parser"
[   24.297509] fbcon: Taking over console
[   24.838969] audit: type=1400 audit(1667860767.378:20): apparmor="STATUS" operation="profile_replace" profile="unconfined" name="/snap/snapd/17029/usr/lib/snapd/snap-confine" pid=2498 comm="apparmor_parser"
[   24.862202] audit: type=1400 audit(1667860767.402:21): apparmor="STATUS" operation="profile_replace" profile="unconfined" name="/snap/snapd/17029/usr/lib/snapd/snap-confine//mount-namespace-capture-helper" pid=2498 comm="apparmor_parser"
[   27.841670] audit: type=1400 audit(1667860770.378:22): apparmor="STATUS" operation="profile_load" profile="unconfined" name="snap.google-cloud-cli.docker-credential-gcloud" pid=2823 comm="apparmor_parser"
[   27.842607] audit: type=1400 audit(1667860770.382:23): apparmor="STATUS" operation="profile_load" profile="unconfined" name="snap.google-cloud-cli.anthoscli" pid=2821 comm="apparmor_parser"
[   27.842856] audit: type=1400 audit(1667860770.382:24): apparmor="STATUS" operation="profile_load" profile="unconfined" name="snap.google-cloud-cli.bq" pid=2822 comm="apparmor_parser"
[   27.842860] audit: type=1400 audit(1667860770.382:25): apparmor="STATUS" operation="profile_load" profile="unconfined" name="snap.google-cloud-cli.gcloud" pid=2824 comm="apparmor_parser"
[   27.842886] audit: type=1400 audit(1667860770.382:26): apparmor="STATUS" operation="profile_load" profile="unconfined" name="snap.google-cloud-cli.gsutil" pid=2825 comm="apparmor_parser"
[   27.842919] audit: type=1400 audit(1667860770.382:27): apparmor="STATUS" operation="profile_load" profile="unconfined" name="snap.google-cloud-cli.kubectl" pid=2826 comm="apparmor_parser"
[   27.849022] audit: type=1400 audit(1667860770.386:28): apparmor="STATUS" operation="profile_load" profile="unconfined" name="snap-update-ns.google-cloud-cli" pid=2820 comm="apparmor_parser"
[  182.943856] audit: type=1400 audit(1667860925.497:29): apparmor="STATUS" operation="profile_replace" info="same as current profile, skipping" profile="unconfined" name="/usr/lib/snapd/snap-confine" pid=4304 comm="apparmor_parser"
[  182.944073] audit: type=1400 audit(1667860925.497:30): apparmor="STATUS" operation="profile_replace" info="same as current profile, skipping" profile="unconfined" name="/usr/lib/snapd/snap-confine//mount-namespace-capture-helper" pid=4304 comm="apparmor_parser"
[  184.335277] audit: type=1400 audit(1667860926.889:31): apparmor="STATUS" operation="profile_replace" info="same as current profile, skipping" profile="unconfined" name="/snap/snapd/17029/usr/lib/snapd/snap-confine" pid=4537 comm="apparmor_parser"
[  184.335281] audit: type=1400 audit(1667860926.889:32): apparmor="STATUS" operation="profile_replace" info="same as current profile, skipping" profile="unconfined" name="/snap/snapd/17029/usr/lib/snapd/snap-confine//mount-namespace-capture-helper" pid=4537 comm="apparmor_parser"
[  184.339819] audit: type=1400 audit(1667860926.893:33): apparmor="STATUS" operation="profile_replace" info="same as current profile, skipping" profile="unconfined" name="snap-update-ns.google-cloud-cli" pid=4539 comm="apparmor_parser"
[  184.340061] audit: type=1400 audit(1667860926.893:34): apparmor="STATUS" operation="profile_replace" info="same as current profile, skipping" profile="unconfined" name="snap.google-cloud-cli.docker-credential-gcloud" pid=4542 comm="apparmor_parser"
[  184.340153] audit: type=1400 audit(1667860926.893:35): apparmor="STATUS" operation="profile_replace" info="same as current profile, skipping" profile="unconfined" name="snap.google-cloud-cli.anthoscli" pid=4540 comm="apparmor_parser"
[  184.340209] audit: type=1400 audit(1667860926.893:36): apparmor="STATUS" operation="profile_replace" info="same as current profile, skipping" profile="unconfined" name="snap.google-cloud-cli.bq" pid=4541 comm="apparmor_parser"
[  184.340252] audit: type=1400 audit(1667860926.893:37): apparmor="STATUS" operation="profile_replace" info="same as current profile, skipping" profile="unconfined" name="snap.google-cloud-cli.gcloud" pid=4543 comm="apparmor_parser"
[  184.340293] audit: type=1400 audit(1667860926.893:38): apparmor="STATUS" operation="profile_replace" info="same as current profile, skipping" profile="unconfined" name="snap.google-cloud-cli.gsutil" pid=4544 comm="apparmor_parser"
[  248.231584] cmpe283_1: loading out-of-tree module taints kernel.
[  248.231621] cmpe283_1: module verification failed: signature and/or required key missing - tainting kernel
[  248.231857] CMPE 283 Assignment 1 Module Start
[  248.231860] Pinbased Controls MSR: 0x3f00000016
[  248.231861]   External Interrupt Exiting: Can set=Yes, Can clear=Yes
[  248.231862]   NMI Exiting: Can set=Yes, Can clear=Yes
[  248.231862]   Virtual NMIs: Can set=Yes, Can clear=Yes
[  248.231863]   Activate VMX Preemption Timer: Can set=No, Can clear=Yes
[  248.231863]   Process Posted Interrupts: Can set=No, Can clear=Yes
[  248.231865] Exit Controls MSR: 0x3fefff00036dff
[  248.231866]   Save debug controls: Can set=Yes, Can clear=No
[  248.231866]   Host address-space size: Can set=Yes, Can clear=Yes
[  248.231867]   Load IA32_PERF_GLOBAL_CTRL: Can set=No, Can clear=Yes
[  248.231867]   Acknowledge interrupt on exit: Can set=Yes, Can clear=Yes
[  248.231868]   Save IA32_PAT: Can set=Yes, Can clear=Yes
[  248.231868]   Load IA32_PAT: Can set=Yes, Can clear=Yes
[  248.231869]   Save IA32_EFER: Can set=Yes, Can clear=Yes
[  248.231869]   Load IA32_EFER: Can set=Yes, Can clear=Yes
[  248.231870]   Save VMXpreemption timer value: Can set=No, Can clear=Yes
[  248.231870]   Clear IA32_BNDCFGS: Can set=No, Can clear=Yes
[  248.231870]   Conceal VMX from PT: Can set=No, Can clear=Yes
[  248.231871]   Clear IA32_RTIT_CTL: Can set=No, Can clear=Yes
[  248.231871]   Clear IA32_LBR_CTL: Can set=No, Can clear=Yes
[  248.231872]   Load CET state: Can set=No, Can clear=Yes
[  248.231873] Entry Controls MSR: 0xd3ff000011ff
[  248.231874]   Load debug controls: Can set=Yes, Can clear=No
[  248.231874]   IA-32e mode guest: Can set=Yes, Can clear=Yes
[  248.231875]   Entry to SMM: Can set=No, Can clear=Yes
[  248.231875]   Deactivate dualmonitor treatment: Can set=No, Can clear=Yes
[  248.231876]   Load IA32_PERF_GLOBAL_CTRL: Can set=No, Can clear=Yes
[  248.231876]   Load IA32_PAT: Can set=Yes, Can clear=Yes
[  248.231877]   Load IA32_EFER: Can set=Yes, Can clear=Yes
[  248.231877]   Load IA32_BNDCFGS: Can set=No, Can clear=Yes
[  248.231878]   Conceal VMX from PT: Can set=No, Can clear=Yes
[  248.231878]   Load IA32_RTIT_CTL: Can set=No, Can clear=Yes
[  248.231879]   Load CET state: Can set=No, Can clear=Yes
[  248.231879]   Load guest IA32_LBR_CTL: Can set=No, Can clear=Yes
[  248.231881] Procbased Primary Controls MSR: 0xf7b9fffe0401e172
[  248.231881]   Interrupt-window exiting: Can set=Yes, Can clear=Yes
[  248.231882]   Use TSC offsetting: Can set=Yes, Can clear=Yes
[  248.231882]   HLT exiting: Can set=Yes, Can clear=Yes
[  248.231882]   INVLPG exiting: Can set=Yes, Can clear=Yes
[  248.231883]   MWAIT exiting: Can set=Yes, Can clear=Yes
[  248.231883]   RDPMC exiting: Can set=Yes, Can clear=Yes
[  248.231884]   RDTSC exiting: Can set=Yes, Can clear=Yes
[  248.231884]   CR3-load exiting: Can set=Yes, Can clear=No
[  248.231885]   CR3-store exiting: Can set=Yes, Can clear=No
[  248.231885]   Activate tertiary controls: Can set=No, Can clear=Yes
[  248.231886]   CR8-load exiting: Can set=Yes, Can clear=Yes
[  248.231886]   CR8-store exiting: Can set=Yes, Can clear=Yes
[  248.231887]   Use TPR shadow: Can set=Yes, Can clear=Yes
[  248.231887]   NMI-window exiting: Can set=No, Can clear=Yes
[  248.231888]   MOV-DR exiting: Can set=Yes, Can clear=Yes
[  248.231888]   Unconditional I/O exiting: Can set=Yes, Can clear=Yes
[  248.231889]   Use I/O bitmaps: Can set=Yes, Can clear=Yes
[  248.231889]   Monitor trap flag: Can set=No, Can clear=Yes
[  248.231890]   MONITOR exiting: Can set=Yes, Can clear=Yes
[  248.231890]   PAUSE exiting: Can set=Yes, Can clear=Yes
[  248.231890]   Activate secondary controls: Can set=Yes, Can clear=Yes
[  248.231892] Secondary Procbased controls MSR: 0x51ff00000000
[  248.231892]   Virtualize APIC accesses: Can set=Yes, Can clear=Yes
[  248.231893]   Enable EPT: Can set=Yes, Can clear=Yes
[  248.231893]   Descriptor-table exiting: Can set=Yes, Can clear=Yes
[  248.231894]   Enable RDTSCP: Can set=Yes, Can clear=Yes
[  248.231894]   Virtualize x2APIC mode: Can set=Yes, Can clear=Yes
[  248.231895]   Enable VPID: Can set=Yes, Can clear=Yes
[  248.231895]   WBINVD exiting: Can set=Yes, Can clear=Yes
[  248.231896]   Unrestricted guest: Can set=Yes, Can clear=Yes
[  248.231896]   APIC-register virtualization: Can set=Yes, Can clear=Yes
[  248.231897]   Virtual-interrupt delivery: Can set=No, Can clear=Yes
[  248.231897]   PAUSE-loop exiting: Can set=No, Can clear=Yes
[  248.231898]   RDRAND exiting: Can set=No, Can clear=Yes
[  248.231898]   Enable INVPCID: Can set=Yes, Can clear=Yes
[  248.231899]   Enable VM functions: Can set=No, Can clear=Yes
[  248.231900]   VMCS shadowing: Can set=Yes, Can clear=Yes
[  248.231900]   Enable ENCLS exiting: Can set=No, Can clear=Yes
[  248.231901]   RDSEED exiting: Can set=No, Can clear=Yes
[  248.231901]   Enable PML: Can set=No, Can clear=Yes
[  248.231902]   EPT-violation #VE: Can set=No, Can clear=Yes
[  248.231902]   Conceal VMX from PT: Can set=No, Can clear=Yes
[  248.231902]   Enable XSAVES/XRSTORS: Can set=No, Can clear=Yes
[  248.231903]   Mode-based execute control for EPT: Can set=No, Can clear=Yes
[  248.231903]   Sub-page write permissions for EPT: Can set=No, Can clear=Yes
[  248.231904]   Intel PT uses guest physical addresses: Can set=No, Can clear=Yes
[  248.231904]   Use TSC scaling: Can set=No, Can clear=Yes
[  248.231905]   Enable user wait and pause: Can set=No, Can clear=Yes
[  248.231905]   Enable ENCLV exiting: Can set=No, Can clear=Yes
[  248.231906] Tertiary Procbased Controls do not exist
[  295.031101] CMPE 283 Assignment 1 Module Exits
